../src/lib/STM32F4xx_HAL_Driver/Src/stm32f4xx_hal_nor.c:361:13:HAL_NOR_MspInit	0	static
../src/lib/STM32F4xx_HAL_Driver/Src/stm32f4xx_hal_nor.c:377:13:HAL_NOR_MspDeInit	0	static
../src/lib/STM32F4xx_HAL_Driver/Src/stm32f4xx_hal_nor.c:328:19:HAL_NOR_DeInit	8	static
../src/lib/STM32F4xx_HAL_Driver/Src/stm32f4xx_hal_nor.c:394:13:HAL_NOR_MspWait	0	static
../src/lib/STM32F4xx_HAL_Driver/Src/stm32f4xx_hal_nor.c:430:19:HAL_NOR_Read_ID	4	static,ignoring_inline_asm
../src/lib/STM32F4xx_HAL_Driver/Src/stm32f4xx_hal_nor.c:521:19:HAL_NOR_ReturnToReadMode	0	static,ignoring_inline_asm
../src/lib/STM32F4xx_HAL_Driver/Src/stm32f4xx_hal_nor.c:229:19:HAL_NOR_Init	16	static,ignoring_inline_asm
../src/lib/STM32F4xx_HAL_Driver/Src/stm32f4xx_hal_nor.c:599:19:HAL_NOR_Read	8	static,ignoring_inline_asm
../src/lib/STM32F4xx_HAL_Driver/Src/stm32f4xx_hal_nor.c:686:19:HAL_NOR_Program	4	static,ignoring_inline_asm
../src/lib/STM32F4xx_HAL_Driver/Src/stm32f4xx_hal_nor.c:768:19:HAL_NOR_ReadBuffer	12	static,ignoring_inline_asm
../src/lib/STM32F4xx_HAL_Driver/Src/stm32f4xx_hal_nor.c:866:19:HAL_NOR_ProgramBuffer	16	static,ignoring_inline_asm
../src/lib/STM32F4xx_HAL_Driver/Src/stm32f4xx_hal_nor.c:976:19:HAL_NOR_Erase_Block	4	static,ignoring_inline_asm
../src/lib/STM32F4xx_HAL_Driver/Src/stm32f4xx_hal_nor.c:1060:19:HAL_NOR_Erase_Chip	0	static,ignoring_inline_asm
../src/lib/STM32F4xx_HAL_Driver/Src/stm32f4xx_hal_nor.c:1137:19:HAL_NOR_Read_CFI	4	static,ignoring_inline_asm
../src/lib/STM32F4xx_HAL_Driver/Src/stm32f4xx_hal_nor.c:1327:19:HAL_NOR_WriteOperation_Enable	16	static
../src/lib/STM32F4xx_HAL_Driver/Src/stm32f4xx_hal_nor.c:1361:19:HAL_NOR_WriteOperation_Disable	8	static
../src/lib/STM32F4xx_HAL_Driver/Src/stm32f4xx_hal_nor.c:1414:22:HAL_NOR_GetState	0	static
../src/lib/STM32F4xx_HAL_Driver/Src/stm32f4xx_hal_nor.c:1428:23:HAL_NOR_GetStatus	24	static,ignoring_inline_asm
