../src/lib/STM32F4xx_HAL_Driver/Src/stm32f4xx_hal_nand.c:249:13:HAL_NAND_MspInit	0	static
../src/lib/STM32F4xx_HAL_Driver/Src/stm32f4xx_hal_nand.c:159:20:HAL_NAND_Init	16	static
../src/lib/STM32F4xx_HAL_Driver/Src/stm32f4xx_hal_nand.c:265:13:HAL_NAND_MspDeInit	0	static
../src/lib/STM32F4xx_HAL_Driver/Src/stm32f4xx_hal_nand.c:216:19:HAL_NAND_DeInit	8	static
../src/lib/STM32F4xx_HAL_Driver/Src/stm32f4xx_hal_nand.c:364:13:HAL_NAND_ITCallback	0	static
../src/lib/STM32F4xx_HAL_Driver/Src/stm32f4xx_hal_nand.c:282:6:HAL_NAND_IRQHandler	8	static
../src/lib/STM32F4xx_HAL_Driver/Src/stm32f4xx_hal_nand.c:400:19:HAL_NAND_Read_ID	8	static,ignoring_inline_asm
../src/lib/STM32F4xx_HAL_Driver/Src/stm32f4xx_hal_nand.c:486:19:HAL_NAND_Reset	0	static
../src/lib/STM32F4xx_HAL_Driver/Src/stm32f4xx_hal_nand.c:542:20:HAL_NAND_ConfigDevice	0	static
../src/lib/STM32F4xx_HAL_Driver/Src/stm32f4xx_hal_nand.c:1957:19:HAL_NAND_Erase_Block	16	static,ignoring_inline_asm
../src/lib/STM32F4xx_HAL_Driver/Src/stm32f4xx_hal_nand.c:2024:10:HAL_NAND_Address_Inc	0	static
../src/lib/STM32F4xx_HAL_Driver/Src/stm32f4xx_hal_nand.c:2215:20:HAL_NAND_ECC_Enable	8	static
../src/lib/STM32F4xx_HAL_Driver/Src/stm32f4xx_hal_nand.c:2247:20:HAL_NAND_ECC_Disable	8	static
../src/lib/STM32F4xx_HAL_Driver/Src/stm32f4xx_hal_nand.c:2281:20:HAL_NAND_GetECC	8	static
../src/lib/STM32F4xx_HAL_Driver/Src/stm32f4xx_hal_nand.c:2335:23:HAL_NAND_GetState	0	static
../src/lib/STM32F4xx_HAL_Driver/Src/stm32f4xx_hal_nand.c:2346:10:HAL_NAND_Read_Status	0	static
../src/lib/STM32F4xx_HAL_Driver/Src/stm32f4xx_hal_nand.c:564:19:HAL_NAND_Read_Page_8b	24	static,ignoring_inline_asm
../src/lib/STM32F4xx_HAL_Driver/Src/stm32f4xx_hal_nand.c:733:19:HAL_NAND_Read_Page_16b	24	static,ignoring_inline_asm
../src/lib/STM32F4xx_HAL_Driver/Src/stm32f4xx_hal_nand.c:916:19:HAL_NAND_Write_Page_8b	24	static,ignoring_inline_asm
../src/lib/STM32F4xx_HAL_Driver/Src/stm32f4xx_hal_nand.c:1080:19:HAL_NAND_Write_Page_16b	24	static,ignoring_inline_asm
../src/lib/STM32F4xx_HAL_Driver/Src/stm32f4xx_hal_nand.c:1259:19:HAL_NAND_Read_SpareArea_8b	32	static,ignoring_inline_asm
../src/lib/STM32F4xx_HAL_Driver/Src/stm32f4xx_hal_nand.c:1435:19:HAL_NAND_Read_SpareArea_16b	32	static,ignoring_inline_asm
../src/lib/STM32F4xx_HAL_Driver/Src/stm32f4xx_hal_nand.c:1611:19:HAL_NAND_Write_SpareArea_8b	32	static,ignoring_inline_asm
../src/lib/STM32F4xx_HAL_Driver/Src/stm32f4xx_hal_nand.c:1785:19:HAL_NAND_Write_SpareArea_16b	32	static,ignoring_inline_asm
