../src/lib/STM32F4xx_HAL_Driver/Src/stm32f4xx_hal_smartcard.c:1840:13:SMARTCARD_DMATransmitCplt	0	static
../src/lib/STM32F4xx_HAL_Driver/Src/stm32f4xx_hal_smartcard.c:1967:13:SMARTCARD_EndTxTransfer	0	static
../src/lib/STM32F4xx_HAL_Driver/Src/stm32f4xx_hal_smartcard.c:1983:13:SMARTCARD_EndRxTransfer	0	static
../src/lib/STM32F4xx_HAL_Driver/Src/stm32f4xx_hal_smartcard.c:1999:26:SMARTCARD_Transmit_IT	0	static
../src/lib/STM32F4xx_HAL_Driver/Src/stm32f4xx_hal_smartcard.c:2264:13:SMARTCARD_SetConfig	16	static
../src/lib/STM32F4xx_HAL_Driver/Src/stm32f4xx_hal_smartcard.c:1934:26:SMARTCARD_WaitOnFlagUntilTimeout	32	static
../src/lib/STM32F4xx_HAL_Driver/Src/stm32f4xx_hal_smartcard.c:422:13:HAL_SMARTCARD_MspInit	0	static
../src/lib/STM32F4xx_HAL_Driver/Src/stm32f4xx_hal_smartcard.c:299:19:HAL_SMARTCARD_Init	8	static
../src/lib/STM32F4xx_HAL_Driver/Src/stm32f4xx_hal_smartcard.c:438:13:HAL_SMARTCARD_MspDeInit	0	static
../src/lib/STM32F4xx_HAL_Driver/Src/stm32f4xx_hal_smartcard.c:378:19:HAL_SMARTCARD_DeInit	8	static
../src/lib/STM32F4xx_HAL_Driver/Src/stm32f4xx_hal_smartcard.c:759:19:HAL_SMARTCARD_Transmit	32	static
../src/lib/STM32F4xx_HAL_Driver/Src/stm32f4xx_hal_smartcard.c:821:19:HAL_SMARTCARD_Receive	32	static
../src/lib/STM32F4xx_HAL_Driver/Src/stm32f4xx_hal_smartcard.c:879:19:HAL_SMARTCARD_Transmit_IT	0	static
../src/lib/STM32F4xx_HAL_Driver/Src/stm32f4xx_hal_smartcard.c:927:19:HAL_SMARTCARD_Receive_IT	0	static
../src/lib/STM32F4xx_HAL_Driver/Src/stm32f4xx_hal_smartcard.c:972:19:HAL_SMARTCARD_Transmit_DMA	16	static
../src/lib/STM32F4xx_HAL_Driver/Src/stm32f4xx_hal_smartcard.c:1034:19:HAL_SMARTCARD_Receive_DMA	24	static
../src/lib/STM32F4xx_HAL_Driver/Src/stm32f4xx_hal_smartcard.c:1104:19:HAL_SMARTCARD_Abort	8	static
../src/lib/STM32F4xx_HAL_Driver/Src/stm32f4xx_hal_smartcard.c:1168:19:HAL_SMARTCARD_AbortTransmit	8	static
../src/lib/STM32F4xx_HAL_Driver/Src/stm32f4xx_hal_smartcard.c:1210:19:HAL_SMARTCARD_AbortReceive	8	static
../src/lib/STM32F4xx_HAL_Driver/Src/stm32f4xx_hal_smartcard.c:1671:13:HAL_SMARTCARD_TxCpltCallback	0	static
../src/lib/STM32F4xx_HAL_Driver/Src/stm32f4xx_hal_smartcard.c:2031:26:SMARTCARD_EndTransmit_IT	8	static
../src/lib/STM32F4xx_HAL_Driver/Src/stm32f4xx_hal_smartcard.c:1687:13:HAL_SMARTCARD_RxCpltCallback	0	static
../src/lib/STM32F4xx_HAL_Driver/Src/stm32f4xx_hal_smartcard.c:1860:13:SMARTCARD_DMAReceiveCplt	8	static
../src/lib/STM32F4xx_HAL_Driver/Src/stm32f4xx_hal_smartcard.c:2059:26:SMARTCARD_Receive_IT	8	static
../src/lib/STM32F4xx_HAL_Driver/Src/stm32f4xx_hal_smartcard.c:1703:13:HAL_SMARTCARD_ErrorCallback	0	static
../src/lib/STM32F4xx_HAL_Driver/Src/stm32f4xx_hal_smartcard.c:1892:13:SMARTCARD_DMAError	8	static
../src/lib/STM32F4xx_HAL_Driver/Src/stm32f4xx_hal_smartcard.c:1529:6:HAL_SMARTCARD_IRQHandler	8	static
../src/lib/STM32F4xx_HAL_Driver/Src/stm32f4xx_hal_smartcard.c:2105:13:SMARTCARD_DMAAbortOnError	8	static
../src/lib/STM32F4xx_HAL_Driver/Src/stm32f4xx_hal_smartcard.c:1718:13:HAL_SMARTCARD_AbortCpltCallback	0	static
../src/lib/STM32F4xx_HAL_Driver/Src/stm32f4xx_hal_smartcard.c:1255:19:HAL_SMARTCARD_Abort_IT	8	static
../src/lib/STM32F4xx_HAL_Driver/Src/stm32f4xx_hal_smartcard.c:2171:13:SMARTCARD_DMARxAbortCallback	8	static
../src/lib/STM32F4xx_HAL_Driver/Src/stm32f4xx_hal_smartcard.c:2128:13:SMARTCARD_DMATxAbortCallback	8	static
../src/lib/STM32F4xx_HAL_Driver/Src/stm32f4xx_hal_smartcard.c:1733:13:HAL_SMARTCARD_AbortTransmitCpltCallback	0	static
../src/lib/STM32F4xx_HAL_Driver/Src/stm32f4xx_hal_smartcard.c:1382:19:HAL_SMARTCARD_AbortTransmit_IT	8	static
../src/lib/STM32F4xx_HAL_Driver/Src/stm32f4xx_hal_smartcard.c:2214:13:SMARTCARD_DMATxOnlyAbortCallback	8	static
../src/lib/STM32F4xx_HAL_Driver/Src/stm32f4xx_hal_smartcard.c:1748:13:HAL_SMARTCARD_AbortReceiveCpltCallback	0	static
../src/lib/STM32F4xx_HAL_Driver/Src/stm32f4xx_hal_smartcard.c:1459:19:HAL_SMARTCARD_AbortReceive_IT	8	static
../src/lib/STM32F4xx_HAL_Driver/Src/stm32f4xx_hal_smartcard.c:2240:13:SMARTCARD_DMARxOnlyAbortCallback	8	static
../src/lib/STM32F4xx_HAL_Driver/Src/stm32f4xx_hal_smartcard.c:1783:28:HAL_SMARTCARD_GetState	0	static
../src/lib/STM32F4xx_HAL_Driver/Src/stm32f4xx_hal_smartcard.c:1798:10:HAL_SMARTCARD_GetError	0	static
