../src/lib/STM32F4xx_HAL_Driver/Src/stm32f4xx_hal_pccard.c:257:13:HAL_PCCARD_MspInit	0	static
../src/lib/STM32F4xx_HAL_Driver/Src/stm32f4xx_hal_pccard.c:165:19:HAL_PCCARD_Init	24	static
../src/lib/STM32F4xx_HAL_Driver/Src/stm32f4xx_hal_pccard.c:272:13:HAL_PCCARD_MspDeInit	0	static
../src/lib/STM32F4xx_HAL_Driver/Src/stm32f4xx_hal_pccard.c:224:20:HAL_PCCARD_DeInit	8	static
../src/lib/STM32F4xx_HAL_Driver/Src/stm32f4xx_hal_pccard.c:308:19:HAL_PCCARD_Read_ID	4	static
../src/lib/STM32F4xx_HAL_Driver/Src/stm32f4xx_hal_pccard.c:371:19:HAL_PCCARD_Read_Sector	4	static
../src/lib/STM32F4xx_HAL_Driver/Src/stm32f4xx_hal_pccard.c:448:19:HAL_PCCARD_Write_Sector	8	static
../src/lib/STM32F4xx_HAL_Driver/Src/stm32f4xx_hal_pccard.c:522:20:HAL_PCCARD_Erase_Sector	0	static
../src/lib/STM32F4xx_HAL_Driver/Src/stm32f4xx_hal_pccard.c:579:19:HAL_PCCARD_Reset	0	static
../src/lib/STM32F4xx_HAL_Driver/Src/stm32f4xx_hal_pccard.c:682:13:HAL_PCCARD_ITCallback	0	static
../src/lib/STM32F4xx_HAL_Driver/Src/stm32f4xx_hal_pccard.c:617:6:HAL_PCCARD_IRQHandler	8	static
../src/lib/STM32F4xx_HAL_Driver/Src/stm32f4xx_hal_pccard.c:853:25:HAL_PCCARD_GetState	0	static
../src/lib/STM32F4xx_HAL_Driver/Src/stm32f4xx_hal_pccard.c:867:26:HAL_PCCARD_GetStatus	0	static
../src/lib/STM32F4xx_HAL_Driver/Src/stm32f4xx_hal_pccard.c:903:26:HAL_PCCARD_ReadStatus	0	static
