../src/lib/STM32F4xx_HAL_Driver/Src/stm32f4xx_hal_smbus.c:2215:26:SMBUS_Master_SB	0	static
../src/lib/STM32F4xx_HAL_Driver/Src/stm32f4xx_hal_smbus.c:2251:26:SMBUS_Master_ADD10	0	static
../src/lib/STM32F4xx_HAL_Driver/Src/stm32f4xx_hal_smbus.c:2265:26:SMBUS_Master_ADDR	32	static
../src/lib/STM32F4xx_HAL_Driver/Src/stm32f4xx_hal_smbus.c:2415:26:SMBUS_SlaveTransmit_BTF	0	static
../src/lib/STM32F4xx_HAL_Driver/Src/stm32f4xx_hal_smbus.c:2481:26:SMBUS_SlaveReceive_BTF	0	static
../src/lib/STM32F4xx_HAL_Driver/Src/stm32f4xx_hal_smbus.c:2744:26:SMBUS_WaitOnFlagUntilTimeout	24	static
../src/lib/STM32F4xx_HAL_Driver/Src/stm32f4xx_hal_smbus.c:440:13:HAL_SMBUS_MspInit	0	static
../src/lib/STM32F4xx_HAL_Driver/Src/stm32f4xx_hal_smbus.c:281:19:HAL_SMBUS_Init	8	static
../src/lib/STM32F4xx_HAL_Driver/Src/stm32f4xx_hal_smbus.c:455:13:HAL_SMBUS_MspDeInit	0	static
../src/lib/STM32F4xx_HAL_Driver/Src/stm32f4xx_hal_smbus.c:394:19:HAL_SMBUS_DeInit	8	static
../src/lib/STM32F4xx_HAL_Driver/Src/stm32f4xx_hal_smbus.c:906:19:HAL_SMBUS_Master_Transmit_IT	12	static
../src/lib/STM32F4xx_HAL_Driver/Src/stm32f4xx_hal_smbus.c:991:19:HAL_SMBUS_Master_Receive_IT	24	static
../src/lib/STM32F4xx_HAL_Driver/Src/stm32f4xx_hal_smbus.c:1155:19:HAL_SMBUS_Slave_Transmit_IT	16	static
../src/lib/STM32F4xx_HAL_Driver/Src/stm32f4xx_hal_smbus.c:1221:19:HAL_SMBUS_Slave_Receive_IT	16	static
../src/lib/STM32F4xx_HAL_Driver/Src/stm32f4xx_hal_smbus.c:1285:19:HAL_SMBUS_EnableListen_IT	0	static
../src/lib/STM32F4xx_HAL_Driver/Src/stm32f4xx_hal_smbus.c:1318:19:HAL_SMBUS_DisableListen_IT	0	static
../src/lib/STM32F4xx_HAL_Driver/Src/stm32f4xx_hal_smbus.c:1351:19:HAL_SMBUS_EnableAlert_IT	0	static
../src/lib/STM32F4xx_HAL_Driver/Src/stm32f4xx_hal_smbus.c:1370:19:HAL_SMBUS_DisableAlert_IT	0	static
../src/lib/STM32F4xx_HAL_Driver/Src/stm32f4xx_hal_smbus.c:1392:19:HAL_SMBUS_IsDeviceReady	48	static
../src/lib/STM32F4xx_HAL_Driver/Src/stm32f4xx_hal_smbus.c:1727:13:HAL_SMBUS_MasterTxCpltCallback	0	static
../src/lib/STM32F4xx_HAL_Driver/Src/stm32f4xx_hal_smbus.c:1923:26:SMBUS_MasterTransmit_TXE	8	static
../src/lib/STM32F4xx_HAL_Driver/Src/stm32f4xx_hal_smbus.c:2001:26:SMBUS_MasterTransmit_BTF	8	static
../src/lib/STM32F4xx_HAL_Driver/Src/stm32f4xx_hal_smbus.c:1743:13:HAL_SMBUS_MasterRxCpltCallback	0	static
../src/lib/STM32F4xx_HAL_Driver/Src/stm32f4xx_hal_smbus.c:2059:26:SMBUS_MasterReceive_RXNE	8	static
../src/lib/STM32F4xx_HAL_Driver/Src/stm32f4xx_hal_smbus.c:2133:26:SMBUS_MasterReceive_BTF	8	static
../src/lib/STM32F4xx_HAL_Driver/Src/stm32f4xx_hal_smbus.c:1758:13:HAL_SMBUS_SlaveTxCpltCallback	0	static
../src/lib/STM32F4xx_HAL_Driver/Src/stm32f4xx_hal_smbus.c:2373:26:SMBUS_SlaveTransmit_TXE	8	static
../src/lib/STM32F4xx_HAL_Driver/Src/stm32f4xx_hal_smbus.c:1774:13:HAL_SMBUS_SlaveRxCpltCallback	0	static
../src/lib/STM32F4xx_HAL_Driver/Src/stm32f4xx_hal_smbus.c:2439:26:SMBUS_SlaveReceive_RXNE	8	static
../src/lib/STM32F4xx_HAL_Driver/Src/stm32f4xx_hal_smbus.c:1792:13:HAL_SMBUS_AddrCallback	0	static
../src/lib/STM32F4xx_HAL_Driver/Src/stm32f4xx_hal_smbus.c:2499:26:SMBUS_Slave_ADDR	8	static
../src/lib/STM32F4xx_HAL_Driver/Src/stm32f4xx_hal_smbus.c:1810:13:HAL_SMBUS_ListenCpltCallback	0	static
../src/lib/STM32F4xx_HAL_Driver/Src/stm32f4xx_hal_smbus.c:2609:26:SMBUS_Slave_AF	8	static
../src/lib/STM32F4xx_HAL_Driver/Src/stm32f4xx_hal_smbus.c:1826:13:HAL_SMBUS_ErrorCallback	0	static
../src/lib/STM32F4xx_HAL_Driver/Src/stm32f4xx_hal_smbus.c:1842:13:HAL_SMBUS_AbortCpltCallback	0	static
../src/lib/STM32F4xx_HAL_Driver/Src/stm32f4xx_hal_smbus.c:2651:13:SMBUS_ITError	8	static
../src/lib/STM32F4xx_HAL_Driver/Src/stm32f4xx_hal_smbus.c:1105:19:HAL_SMBUS_Master_Abort_IT	8	static
../src/lib/STM32F4xx_HAL_Driver/Src/stm32f4xx_hal_smbus.c:2535:26:SMBUS_Slave_STOPF	16	static
../src/lib/STM32F4xx_HAL_Driver/Src/stm32f4xx_hal_smbus.c:1516:6:HAL_SMBUS_EV_IRQHandler	24	static
../src/lib/STM32F4xx_HAL_Driver/Src/stm32f4xx_hal_smbus.c:1621:6:HAL_SMBUS_ER_IRQHandler	16	static
../src/lib/STM32F4xx_HAL_Driver/Src/stm32f4xx_hal_smbus.c:1877:24:HAL_SMBUS_GetState	0	static
../src/lib/STM32F4xx_HAL_Driver/Src/stm32f4xx_hal_smbus.c:1889:23:HAL_SMBUS_GetMode	0	static
../src/lib/STM32F4xx_HAL_Driver/Src/stm32f4xx_hal_smbus.c:1900:10:HAL_SMBUS_GetError	0	static
