../src/lib/STM32F4xx_HAL_Driver/Src/stm32f4xx_hal_i2s_ex.c:1071:26:I2SEx_FullDuplexWaitFlagStateUntilTimeout	32	static
../src/lib/STM32F4xx_HAL_Driver/Src/stm32f4xx_hal_i2s_ex.c:923:13:I2SEx_TxRxDMAError	8	static
../src/lib/STM32F4xx_HAL_Driver/Src/stm32f4xx_hal_i2s_ex.c:206:19:HAL_I2SEx_TransmitReceive	64	static
../src/lib/STM32F4xx_HAL_Driver/Src/stm32f4xx_hal_i2s_ex.c:427:19:HAL_I2SEx_TransmitReceive_IT	0	static
../src/lib/STM32F4xx_HAL_Driver/Src/stm32f4xx_hal_i2s_ex.c:539:19:HAL_I2SEx_TransmitReceive_DMA	24	static
../src/lib/STM32F4xx_HAL_Driver/Src/stm32f4xx_hal_i2s_ex.c:823:13:HAL_I2SEx_TxRxHalfCpltCallback	0	static
../src/lib/STM32F4xx_HAL_Driver/Src/stm32f4xx_hal_i2s_ex.c:866:13:I2SEx_TxRxDMAHalfCplt	8	static
../src/lib/STM32F4xx_HAL_Driver/Src/stm32f4xx_hal_i2s_ex.c:838:13:HAL_I2SEx_TxRxCpltCallback	0	static
../src/lib/STM32F4xx_HAL_Driver/Src/stm32f4xx_hal_i2s_ex.c:884:13:I2SEx_TxRxDMACplt	8	static
../src/lib/STM32F4xx_HAL_Driver/Src/stm32f4xx_hal_i2s_ex.c:951:13:I2SEx_TxISR_I2S	8	static
../src/lib/STM32F4xx_HAL_Driver/Src/stm32f4xx_hal_i2s_ex.c:1038:13:I2SEx_RxISR_I2SExt	8	static
../src/lib/STM32F4xx_HAL_Driver/Src/stm32f4xx_hal_i2s_ex.c:980:13:I2SEx_TxISR_I2SExt	8	static
../src/lib/STM32F4xx_HAL_Driver/Src/stm32f4xx_hal_i2s_ex.c:1009:13:I2SEx_RxISR_I2S	8	static
../src/lib/STM32F4xx_HAL_Driver/Src/stm32f4xx_hal_i2s_ex.c:677:6:HAL_I2SEx_FullDuplex_IRQHandler	32	static
